[0;32;49m

Balance: Â£1000.00[0m
Pending: Â£10.00
Available to spend: Â£990.00

+-----------+--------+-----------------+--------------------+
| Narrative | Amount | Date and time   | Source             |
+-----------+--------+-----------------+--------------------+
| Aldi      | [0;31;49mÂ£-5.00[0m | 30/5/2017 18:06 | master_card        |
| Dinner    | [0;32;49mÂ£10.00[0m | 30/5/2017 18:06 | faster_payments_in |
+-----------+--------+-----------------+--------------------+

